\BOOKMARK [1][-]{section.1}{\376\377\225\356\230\230\221\315\217\360}{}% 1
\BOOKMARK [1][-]{section.2}{\376\377\152\041\127\213\120\107\213\276\123\312\173\046\123\367\213\364\146\016}{}% 2
\BOOKMARK [2][-]{subsection.2.1}{\376\377\152\041\127\213\120\107\213\276}{section.2}% 3
\BOOKMARK [2][-]{subsection.2.2}{\376\377\173\046\123\367\213\364\146\016}{section.2}% 4
\BOOKMARK [1][-]{section.3}{\376\377\225\356\230\230\122\006\147\220\123\312\152\041\127\213}{}% 5
\BOOKMARK [2][-]{subsection.3.1}{\376\377\225\356\230\230\116\000\122\006\147\220\123\312\152\041\127\213}{section.3}% 6
\BOOKMARK [2][-]{subsection.3.2}{\376\377\225\356\230\230\116\214\122\006\147\220\123\312\152\041\127\213}{section.3}% 7
\BOOKMARK [2][-]{subsection.3.3}{\376\377\225\356\230\230\116\011\122\006\147\220\123\312\152\041\127\213}{section.3}% 8
\BOOKMARK [2][-]{subsection.3.4}{\376\377\225\356\230\230\126\333\122\006\147\220}{section.3}% 9
\BOOKMARK [1][-]{section.4}{\376\377\154\102\211\343\145\271\154\325\060\001\176\323\147\234\123\312\121\166\122\006\147\220\124\214\150\300\232\214}{}% 10
\BOOKMARK [2][-]{subsection.4.1}{\376\377\225\356\230\230\116\000\154\102\211\343\176\323\147\234\123\312\122\006\147\220}{section.4}% 11
\BOOKMARK [2][-]{subsection.4.2}{\376\377\225\356\230\230\116\214\154\102\211\343\176\323\147\234\123\312\122\006\147\220}{section.4}% 12
\BOOKMARK [2][-]{subsection.4.3}{\376\377\225\356\230\230\116\011\154\102\211\343\176\323\147\234\123\312\122\006\147\220}{section.4}% 13
\BOOKMARK [2][-]{subsection.4.4}{\376\377\225\356\230\230\126\333\145\077\173\126\136\372\213\256}{section.4}% 14
\BOOKMARK [1][-]{section.5}{\376\377\152\041\127\213\166\204\117\030\177\072\160\271\123\312\145\071\217\333\145\271\124\021}{}% 15
\BOOKMARK [2][-]{subsection.5.1}{\376\377\152\041\127\213\117\030\160\271}{section.5}% 16
\BOOKMARK [2][-]{subsection.5.2}{\376\377\152\041\127\213\116\015\215\263}{section.5}% 17
\BOOKMARK [2][-]{subsection.5.3}{\376\377\145\071\217\333\145\271\124\021}{section.5}% 18
\BOOKMARK [1][-]{section.6}{\376\377\123\302\200\003\145\207\163\056}{}% 19
\BOOKMARK [1][-]{appendix.A}{\376\377\226\104\137\125\377\032\137\305\211\201\213\241\173\227\147\072\172\013\136\217}{}% 20
\BOOKMARK [2][-]{subsection.A.1}{\376\377\140\073\121\145\123\343\201\032\147\054\000\040\000r\000u\000n\000\137\000a\000l\000l\000.\000p\000y}{appendix.A}% 21
\BOOKMARK [2][-]{subsection.A.2}{\376\377\121\154\121\161\121\375\145\160\000\040\000c\000o\000m\000m\000o\000n\000.\000p\000y}{appendix.A}% 22
\BOOKMARK [2][-]{subsection.A.3}{\376\377\225\356\230\230\116\000\154\102\211\343\201\032\147\054\000\040\000s\000o\000l\000v\000e\000\137\000p\000r\000o\000b\000l\000e\000m\0001\000.\000p\000y}{appendix.A}% 23
\BOOKMARK [2][-]{subsection.A.4}{\376\377\225\356\230\230\116\214\154\102\211\343\201\032\147\054\000\040\000s\000o\000l\000v\000e\000\137\000p\000r\000o\000b\000l\000e\000m\0002\000.\000p\000y}{appendix.A}% 24
\BOOKMARK [2][-]{subsection.A.5}{\376\377\225\356\230\230\116\011\154\102\211\343\201\032\147\054\000\040\000s\000o\000l\000v\000e\000\137\000p\000r\000o\000b\000l\000e\000m\0003\000.\000p\000y}{appendix.A}% 25
\BOOKMARK [2][-]{subsection.A.6}{\376\377\225\356\230\230\126\333\154\102\211\343\201\032\147\054\000\040\000s\000o\000l\000v\000e\000\137\000p\000r\000o\000b\000l\000e\000m\0004\000.\000p\000y}{appendix.A}% 26
